------------------------------------------------------------
TimeQuest Timing Analyzer Summary
------------------------------------------------------------

Type  : Slow 1200mV 85C Model Setup 'inst3|altpll_component|auto_generated|pll1|clk[0]'
Slack : -3.274
TNS   : -9.695

Type  : Slow 1200mV 85C Model Setup 'MOUSE:inst|MOUSE_CLK_FILTER'
Slack : -2.014
TNS   : -157.564

Type  : Slow 1200mV 85C Model Hold 'inst3|altpll_component|auto_generated|pll1|clk[0]'
Slack : -0.186
TNS   : -0.186

Type  : Slow 1200mV 85C Model Hold 'MOUSE:inst|MOUSE_CLK_FILTER'
Slack : -0.016
TNS   : -0.016

Type  : Slow 1200mV 85C Model Recovery 'MOUSE:inst|MOUSE_CLK_FILTER'
Slack : -0.039
TNS   : -0.602

Type  : Slow 1200mV 85C Model Removal 'MOUSE:inst|MOUSE_CLK_FILTER'
Slack : -0.017
TNS   : -0.232

Type  : Slow 1200mV 85C Model Minimum Pulse Width 'MOUSE:inst|MOUSE_CLK_FILTER'
Slack : -1.000
TNS   : -92.000

Type  : Slow 1200mV 85C Model Minimum Pulse Width 'inclk0'
Slack : 9.825
TNS   : 0.000

Type  : Slow 1200mV 85C Model Minimum Pulse Width 'inst3|altpll_component|auto_generated|pll1|clk[0]'
Slack : 19.754
TNS   : 0.000

Type  : Slow 1200mV 0C Model Setup 'inst3|altpll_component|auto_generated|pll1|clk[0]'
Slack : -2.766
TNS   : -7.969

Type  : Slow 1200mV 0C Model Setup 'MOUSE:inst|MOUSE_CLK_FILTER'
Slack : -1.725
TNS   : -133.375

Type  : Slow 1200mV 0C Model Hold 'inst3|altpll_component|auto_generated|pll1|clk[0]'
Slack : -0.293
TNS   : -0.293

Type  : Slow 1200mV 0C Model Hold 'MOUSE:inst|MOUSE_CLK_FILTER'
Slack : 0.204
TNS   : 0.000

Type  : Slow 1200mV 0C Model Recovery 'MOUSE:inst|MOUSE_CLK_FILTER'
Slack : -0.129
TNS   : -2.064

Type  : Slow 1200mV 0C Model Removal 'MOUSE:inst|MOUSE_CLK_FILTER'
Slack : 0.190
TNS   : 0.000

Type  : Slow 1200mV 0C Model Minimum Pulse Width 'MOUSE:inst|MOUSE_CLK_FILTER'
Slack : -1.000
TNS   : -92.000

Type  : Slow 1200mV 0C Model Minimum Pulse Width 'inclk0'
Slack : 9.785
TNS   : 0.000

Type  : Slow 1200mV 0C Model Minimum Pulse Width 'inst3|altpll_component|auto_generated|pll1|clk[0]'
Slack : 19.749
TNS   : 0.000

Type  : Fast 1200mV 0C Model Setup 'inst3|altpll_component|auto_generated|pll1|clk[0]'
Slack : -1.788
TNS   : -5.042

Type  : Fast 1200mV 0C Model Setup 'MOUSE:inst|MOUSE_CLK_FILTER'
Slack : -0.695
TNS   : -47.148

Type  : Fast 1200mV 0C Model Hold 'inst3|altpll_component|auto_generated|pll1|clk[0]'
Slack : -0.137
TNS   : -0.137

Type  : Fast 1200mV 0C Model Hold 'MOUSE:inst|MOUSE_CLK_FILTER'
Slack : 0.049
TNS   : 0.000

Type  : Fast 1200mV 0C Model Recovery 'MOUSE:inst|MOUSE_CLK_FILTER'
Slack : 0.153
TNS   : 0.000

Type  : Fast 1200mV 0C Model Removal 'MOUSE:inst|MOUSE_CLK_FILTER'
Slack : 0.106
TNS   : 0.000

Type  : Fast 1200mV 0C Model Minimum Pulse Width 'MOUSE:inst|MOUSE_CLK_FILTER'
Slack : -1.000
TNS   : -92.000

Type  : Fast 1200mV 0C Model Minimum Pulse Width 'inclk0'
Slack : 9.585
TNS   : 0.000

Type  : Fast 1200mV 0C Model Minimum Pulse Width 'inst3|altpll_component|auto_generated|pll1|clk[0]'
Slack : 19.783
TNS   : 0.000

------------------------------------------------------------
