------------------------------------------------------------
TimeQuest Timing Analyzer Summary
------------------------------------------------------------

Type  : Slow 1200mV 85C Model Setup 'inst2|altpll_component|auto_generated|pll1|clk[0]'
Slack : -7.171
TNS   : -46.619

Type  : Slow 1200mV 85C Model Setup 'VGA_SYNC:inst|vert_sync_out'
Slack : -4.100
TNS   : -310.715

Type  : Slow 1200mV 85C Model Setup 'MOUSE:inst14|MOUSE_CLK_FILTER'
Slack : -1.916
TNS   : -49.234

Type  : Slow 1200mV 85C Model Setup 'VGA_SYNC:inst|pixel_column[5]'
Slack : -1.624
TNS   : -12.029

Type  : Slow 1200mV 85C Model Hold 'VGA_SYNC:inst|pixel_column[5]'
Slack : -3.420
TNS   : -23.563

Type  : Slow 1200mV 85C Model Hold 'inst2|altpll_component|auto_generated|pll1|clk[0]'
Slack : -0.183
TNS   : -0.183

Type  : Slow 1200mV 85C Model Hold 'MOUSE:inst14|MOUSE_CLK_FILTER'
Slack : -0.163
TNS   : -0.163

Type  : Slow 1200mV 85C Model Hold 'VGA_SYNC:inst|vert_sync_out'
Slack : -0.125
TNS   : -2.779

Type  : Slow 1200mV 85C Model Recovery 'MOUSE:inst14|MOUSE_CLK_FILTER'
Slack : -0.055
TNS   : -0.475

Type  : Slow 1200mV 85C Model Removal 'MOUSE:inst14|MOUSE_CLK_FILTER'
Slack : 0.008
TNS   : 0.000

Type  : Slow 1200mV 85C Model Minimum Pulse Width 'VGA_SYNC:inst|vert_sync_out'
Slack : -1.000
TNS   : -124.000

Type  : Slow 1200mV 85C Model Minimum Pulse Width 'MOUSE:inst14|MOUSE_CLK_FILTER'
Slack : -1.000
TNS   : -37.000

Type  : Slow 1200mV 85C Model Minimum Pulse Width 'VGA_SYNC:inst|pixel_column[5]'
Slack : 0.424
TNS   : 0.000

Type  : Slow 1200mV 85C Model Minimum Pulse Width 'clk'
Slack : 9.825
TNS   : 0.000

Type  : Slow 1200mV 85C Model Minimum Pulse Width 'inst2|altpll_component|auto_generated|pll1|clk[0]'
Slack : 19.736
TNS   : 0.000

Type  : Slow 1200mV 0C Model Setup 'inst2|altpll_component|auto_generated|pll1|clk[0]'
Slack : -6.199
TNS   : -39.610

Type  : Slow 1200mV 0C Model Setup 'VGA_SYNC:inst|vert_sync_out'
Slack : -3.538
TNS   : -268.513

Type  : Slow 1200mV 0C Model Setup 'MOUSE:inst14|MOUSE_CLK_FILTER'
Slack : -1.619
TNS   : -41.041

Type  : Slow 1200mV 0C Model Setup 'VGA_SYNC:inst|pixel_column[5]'
Slack : -1.509
TNS   : -11.416

Type  : Slow 1200mV 0C Model Hold 'VGA_SYNC:inst|pixel_column[5]'
Slack : -2.936
TNS   : -19.330

Type  : Slow 1200mV 0C Model Hold 'inst2|altpll_component|auto_generated|pll1|clk[0]'
Slack : -0.289
TNS   : -0.289

Type  : Slow 1200mV 0C Model Hold 'VGA_SYNC:inst|vert_sync_out'
Slack : 0.014
TNS   : 0.000

Type  : Slow 1200mV 0C Model Hold 'MOUSE:inst14|MOUSE_CLK_FILTER'
Slack : 0.089
TNS   : 0.000

Type  : Slow 1200mV 0C Model Recovery 'MOUSE:inst14|MOUSE_CLK_FILTER'
Slack : -0.138
TNS   : -1.848

Type  : Slow 1200mV 0C Model Removal 'MOUSE:inst14|MOUSE_CLK_FILTER'
Slack : 0.223
TNS   : 0.000

Type  : Slow 1200mV 0C Model Minimum Pulse Width 'VGA_SYNC:inst|vert_sync_out'
Slack : -1.000
TNS   : -124.000

Type  : Slow 1200mV 0C Model Minimum Pulse Width 'MOUSE:inst14|MOUSE_CLK_FILTER'
Slack : -1.000
TNS   : -37.000

Type  : Slow 1200mV 0C Model Minimum Pulse Width 'VGA_SYNC:inst|pixel_column[5]'
Slack : 0.434
TNS   : 0.000

Type  : Slow 1200mV 0C Model Minimum Pulse Width 'clk'
Slack : 9.785
TNS   : 0.000

Type  : Slow 1200mV 0C Model Minimum Pulse Width 'inst2|altpll_component|auto_generated|pll1|clk[0]'
Slack : 19.742
TNS   : 0.000

Type  : Fast 1200mV 0C Model Setup 'inst2|altpll_component|auto_generated|pll1|clk[0]'
Slack : -3.748
TNS   : -24.372

Type  : Fast 1200mV 0C Model Setup 'VGA_SYNC:inst|vert_sync_out'
Slack : -1.862
TNS   : -120.174

Type  : Fast 1200mV 0C Model Setup 'MOUSE:inst14|MOUSE_CLK_FILTER'
Slack : -0.656
TNS   : -11.444

Type  : Fast 1200mV 0C Model Setup 'VGA_SYNC:inst|pixel_column[5]'
Slack : -0.380
TNS   : -1.466

Type  : Fast 1200mV 0C Model Hold 'VGA_SYNC:inst|pixel_column[5]'
Slack : -2.119
TNS   : -15.609

Type  : Fast 1200mV 0C Model Hold 'VGA_SYNC:inst|vert_sync_out'
Slack : -0.188
TNS   : -13.684

Type  : Fast 1200mV 0C Model Hold 'inst2|altpll_component|auto_generated|pll1|clk[0]'
Slack : -0.135
TNS   : -0.135

Type  : Fast 1200mV 0C Model Hold 'MOUSE:inst14|MOUSE_CLK_FILTER'
Slack : -0.011
TNS   : -0.011

Type  : Fast 1200mV 0C Model Recovery 'MOUSE:inst14|MOUSE_CLK_FILTER'
Slack : 0.133
TNS   : 0.000

Type  : Fast 1200mV 0C Model Removal 'MOUSE:inst14|MOUSE_CLK_FILTER'
Slack : 0.099
TNS   : 0.000

Type  : Fast 1200mV 0C Model Minimum Pulse Width 'VGA_SYNC:inst|vert_sync_out'
Slack : -1.000
TNS   : -124.000

Type  : Fast 1200mV 0C Model Minimum Pulse Width 'MOUSE:inst14|MOUSE_CLK_FILTER'
Slack : -1.000
TNS   : -37.000

Type  : Fast 1200mV 0C Model Minimum Pulse Width 'VGA_SYNC:inst|pixel_column[5]'
Slack : 0.411
TNS   : 0.000

Type  : Fast 1200mV 0C Model Minimum Pulse Width 'clk'
Slack : 9.585
TNS   : 0.000

Type  : Fast 1200mV 0C Model Minimum Pulse Width 'inst2|altpll_component|auto_generated|pll1|clk[0]'
Slack : 19.749
TNS   : 0.000

------------------------------------------------------------
