------------------------------------------------------------
TimeQuest Timing Analyzer Summary
------------------------------------------------------------

Type  : Slow 1200mV 85C Model Setup 'inst2|altpll_component|auto_generated|pll1|clk[0]'
Slack : -7.537
TNS   : -47.371

Type  : Slow 1200mV 85C Model Setup 'VGA_SYNC:inst|vert_sync_out'
Slack : -3.473
TNS   : -278.023

Type  : Slow 1200mV 85C Model Setup 'MOUSE:inst14|MOUSE_CLK_FILTER'
Slack : -1.677
TNS   : -51.869

Type  : Slow 1200mV 85C Model Setup 'VGA_SYNC:inst|pixel_column[5]'
Slack : -0.910
TNS   : -6.072

Type  : Slow 1200mV 85C Model Hold 'VGA_SYNC:inst|pixel_column[5]'
Slack : -4.736
TNS   : -29.327

Type  : Slow 1200mV 85C Model Hold 'inst2|altpll_component|auto_generated|pll1|clk[0]'
Slack : -0.184
TNS   : -0.184

Type  : Slow 1200mV 85C Model Hold 'VGA_SYNC:inst|vert_sync_out'
Slack : -0.049
TNS   : -0.292

Type  : Slow 1200mV 85C Model Hold 'MOUSE:inst14|MOUSE_CLK_FILTER'
Slack : 0.049
TNS   : 0.000

Type  : Slow 1200mV 85C Model Recovery 'MOUSE:inst14|MOUSE_CLK_FILTER'
Slack : -0.114
TNS   : -1.644

Type  : Slow 1200mV 85C Model Removal 'MOUSE:inst14|MOUSE_CLK_FILTER'
Slack : 0.093
TNS   : 0.000

Type  : Slow 1200mV 85C Model Minimum Pulse Width 'VGA_SYNC:inst|vert_sync_out'
Slack : -1.000
TNS   : -122.000

Type  : Slow 1200mV 85C Model Minimum Pulse Width 'MOUSE:inst14|MOUSE_CLK_FILTER'
Slack : -1.000
TNS   : -37.000

Type  : Slow 1200mV 85C Model Minimum Pulse Width 'VGA_SYNC:inst|pixel_column[5]'
Slack : 0.409
TNS   : 0.000

Type  : Slow 1200mV 85C Model Minimum Pulse Width 'clk'
Slack : 9.825
TNS   : 0.000

Type  : Slow 1200mV 85C Model Minimum Pulse Width 'inst2|altpll_component|auto_generated|pll1|clk[0]'
Slack : 19.736
TNS   : 0.000

Type  : Slow 1200mV 0C Model Setup 'inst2|altpll_component|auto_generated|pll1|clk[0]'
Slack : -6.523
TNS   : -40.253

Type  : Slow 1200mV 0C Model Setup 'VGA_SYNC:inst|vert_sync_out'
Slack : -2.988
TNS   : -239.513

Type  : Slow 1200mV 0C Model Setup 'MOUSE:inst14|MOUSE_CLK_FILTER'
Slack : -1.433
TNS   : -43.564

Type  : Slow 1200mV 0C Model Setup 'VGA_SYNC:inst|pixel_column[5]'
Slack : -0.857
TNS   : -6.111

Type  : Slow 1200mV 0C Model Hold 'VGA_SYNC:inst|pixel_column[5]'
Slack : -4.121
TNS   : -24.464

Type  : Slow 1200mV 0C Model Hold 'inst2|altpll_component|auto_generated|pll1|clk[0]'
Slack : -0.289
TNS   : -0.289

Type  : Slow 1200mV 0C Model Hold 'VGA_SYNC:inst|vert_sync_out'
Slack : 0.110
TNS   : 0.000

Type  : Slow 1200mV 0C Model Hold 'MOUSE:inst14|MOUSE_CLK_FILTER'
Slack : 0.234
TNS   : 0.000

Type  : Slow 1200mV 0C Model Recovery 'MOUSE:inst14|MOUSE_CLK_FILTER'
Slack : -0.188
TNS   : -2.744

Type  : Slow 1200mV 0C Model Removal 'MOUSE:inst14|MOUSE_CLK_FILTER'
Slack : 0.290
TNS   : 0.000

Type  : Slow 1200mV 0C Model Minimum Pulse Width 'VGA_SYNC:inst|vert_sync_out'
Slack : -1.000
TNS   : -122.000

Type  : Slow 1200mV 0C Model Minimum Pulse Width 'MOUSE:inst14|MOUSE_CLK_FILTER'
Slack : -1.000
TNS   : -37.000

Type  : Slow 1200mV 0C Model Minimum Pulse Width 'VGA_SYNC:inst|pixel_column[5]'
Slack : 0.408
TNS   : 0.000

Type  : Slow 1200mV 0C Model Minimum Pulse Width 'clk'
Slack : 9.785
TNS   : 0.000

Type  : Slow 1200mV 0C Model Minimum Pulse Width 'inst2|altpll_component|auto_generated|pll1|clk[0]'
Slack : 19.742
TNS   : 0.000

Type  : Fast 1200mV 0C Model Setup 'inst2|altpll_component|auto_generated|pll1|clk[0]'
Slack : -3.979
TNS   : -24.903

Type  : Fast 1200mV 0C Model Setup 'VGA_SYNC:inst|vert_sync_out'
Slack : -1.569
TNS   : -101.877

Type  : Fast 1200mV 0C Model Setup 'MOUSE:inst14|MOUSE_CLK_FILTER'
Slack : -0.452
TNS   : -12.010

Type  : Fast 1200mV 0C Model Setup 'VGA_SYNC:inst|pixel_column[5]'
Slack : 0.035
TNS   : 0.000

Type  : Fast 1200mV 0C Model Hold 'VGA_SYNC:inst|pixel_column[5]'
Slack : -2.894
TNS   : -19.348

Type  : Fast 1200mV 0C Model Hold 'VGA_SYNC:inst|vert_sync_out'
Slack : -0.168
TNS   : -9.694

Type  : Fast 1200mV 0C Model Hold 'inst2|altpll_component|auto_generated|pll1|clk[0]'
Slack : -0.135
TNS   : -0.135

Type  : Fast 1200mV 0C Model Hold 'MOUSE:inst14|MOUSE_CLK_FILTER'
Slack : 0.093
TNS   : 0.000

Type  : Fast 1200mV 0C Model Recovery 'MOUSE:inst14|MOUSE_CLK_FILTER'
Slack : 0.145
TNS   : 0.000

Type  : Fast 1200mV 0C Model Removal 'MOUSE:inst14|MOUSE_CLK_FILTER'
Slack : 0.113
TNS   : 0.000

Type  : Fast 1200mV 0C Model Minimum Pulse Width 'VGA_SYNC:inst|vert_sync_out'
Slack : -1.000
TNS   : -122.000

Type  : Fast 1200mV 0C Model Minimum Pulse Width 'MOUSE:inst14|MOUSE_CLK_FILTER'
Slack : -1.000
TNS   : -37.000

Type  : Fast 1200mV 0C Model Minimum Pulse Width 'VGA_SYNC:inst|pixel_column[5]'
Slack : 0.368
TNS   : 0.000

Type  : Fast 1200mV 0C Model Minimum Pulse Width 'clk'
Slack : 9.585
TNS   : 0.000

Type  : Fast 1200mV 0C Model Minimum Pulse Width 'inst2|altpll_component|auto_generated|pll1|clk[0]'
Slack : 19.749
TNS   : 0.000

------------------------------------------------------------
