------------------------------------------------------------
TimeQuest Timing Analyzer Summary
------------------------------------------------------------

Type  : Slow 1200mV 85C Model Setup 'inst2|altpll_component|auto_generated|pll1|clk[0]'
Slack : -7.705
TNS   : -61.073

Type  : Slow 1200mV 85C Model Setup 'VGA_SYNC:inst|vert_sync_out'
Slack : -3.810
TNS   : -330.094

Type  : Slow 1200mV 85C Model Setup 'MOUSE:inst14|MOUSE_CLK_FILTER'
Slack : -1.719
TNS   : -50.125

Type  : Slow 1200mV 85C Model Setup 'VGA_SYNC:inst|pixel_column[5]'
Slack : -1.576
TNS   : -10.370

Type  : Slow 1200mV 85C Model Hold 'VGA_SYNC:inst|pixel_column[5]'
Slack : -2.650
TNS   : -22.050

Type  : Slow 1200mV 85C Model Hold 'VGA_SYNC:inst|vert_sync_out'
Slack : -0.734
TNS   : -2.788

Type  : Slow 1200mV 85C Model Hold 'inst2|altpll_component|auto_generated|pll1|clk[0]'
Slack : -0.193
TNS   : -0.193

Type  : Slow 1200mV 85C Model Hold 'MOUSE:inst14|MOUSE_CLK_FILTER'
Slack : -0.091
TNS   : -0.180

Type  : Slow 1200mV 85C Model Recovery 'MOUSE:inst14|MOUSE_CLK_FILTER'
Slack : 0.117
TNS   : 0.000

Type  : Slow 1200mV 85C Model Removal 'MOUSE:inst14|MOUSE_CLK_FILTER'
Slack : -0.075
TNS   : -1.150

Type  : Slow 1200mV 85C Model Minimum Pulse Width 'VGA_SYNC:inst|vert_sync_out'
Slack : -1.000
TNS   : -132.000

Type  : Slow 1200mV 85C Model Minimum Pulse Width 'MOUSE:inst14|MOUSE_CLK_FILTER'
Slack : -1.000
TNS   : -37.000

Type  : Slow 1200mV 85C Model Minimum Pulse Width 'VGA_SYNC:inst|pixel_column[5]'
Slack : 0.376
TNS   : 0.000

Type  : Slow 1200mV 85C Model Minimum Pulse Width 'clk'
Slack : 9.825
TNS   : 0.000

Type  : Slow 1200mV 85C Model Minimum Pulse Width 'inst2|altpll_component|auto_generated|pll1|clk[0]'
Slack : 19.736
TNS   : 0.000

Type  : Slow 1200mV 0C Model Setup 'inst2|altpll_component|auto_generated|pll1|clk[0]'
Slack : -6.664
TNS   : -51.694

Type  : Slow 1200mV 0C Model Setup 'VGA_SYNC:inst|vert_sync_out'
Slack : -3.285
TNS   : -283.625

Type  : Slow 1200mV 0C Model Setup 'MOUSE:inst14|MOUSE_CLK_FILTER'
Slack : -1.458
TNS   : -41.755

Type  : Slow 1200mV 0C Model Setup 'VGA_SYNC:inst|pixel_column[5]'
Slack : -1.454
TNS   : -10.083

Type  : Slow 1200mV 0C Model Hold 'VGA_SYNC:inst|pixel_column[5]'
Slack : -2.222
TNS   : -18.350

Type  : Slow 1200mV 0C Model Hold 'VGA_SYNC:inst|vert_sync_out'
Slack : -0.541
TNS   : -0.564

Type  : Slow 1200mV 0C Model Hold 'inst2|altpll_component|auto_generated|pll1|clk[0]'
Slack : -0.301
TNS   : -0.301

Type  : Slow 1200mV 0C Model Hold 'MOUSE:inst14|MOUSE_CLK_FILTER'
Slack : 0.106
TNS   : 0.000

Type  : Slow 1200mV 0C Model Recovery 'MOUSE:inst14|MOUSE_CLK_FILTER'
Slack : 0.024
TNS   : 0.000

Type  : Slow 1200mV 0C Model Removal 'MOUSE:inst14|MOUSE_CLK_FILTER'
Slack : 0.145
TNS   : 0.000

Type  : Slow 1200mV 0C Model Minimum Pulse Width 'VGA_SYNC:inst|vert_sync_out'
Slack : -1.000
TNS   : -132.000

Type  : Slow 1200mV 0C Model Minimum Pulse Width 'MOUSE:inst14|MOUSE_CLK_FILTER'
Slack : -1.000
TNS   : -37.000

Type  : Slow 1200mV 0C Model Minimum Pulse Width 'VGA_SYNC:inst|pixel_column[5]'
Slack : 0.336
TNS   : 0.000

Type  : Slow 1200mV 0C Model Minimum Pulse Width 'clk'
Slack : 9.785
TNS   : 0.000

Type  : Slow 1200mV 0C Model Minimum Pulse Width 'inst2|altpll_component|auto_generated|pll1|clk[0]'
Slack : 19.740
TNS   : 0.000

Type  : Fast 1200mV 0C Model Setup 'inst2|altpll_component|auto_generated|pll1|clk[0]'
Slack : -4.098
TNS   : -31.164

Type  : Fast 1200mV 0C Model Setup 'VGA_SYNC:inst|vert_sync_out'
Slack : -1.772
TNS   : -127.270

Type  : Fast 1200mV 0C Model Setup 'MOUSE:inst14|MOUSE_CLK_FILTER'
Slack : -0.502
TNS   : -11.470

Type  : Fast 1200mV 0C Model Setup 'VGA_SYNC:inst|pixel_column[5]'
Slack : -0.487
TNS   : -1.230

Type  : Fast 1200mV 0C Model Hold 'VGA_SYNC:inst|pixel_column[5]'
Slack : -1.701
TNS   : -15.517

Type  : Fast 1200mV 0C Model Hold 'VGA_SYNC:inst|vert_sync_out'
Slack : -0.548
TNS   : -11.850

Type  : Fast 1200mV 0C Model Hold 'inst2|altpll_component|auto_generated|pll1|clk[0]'
Slack : -0.141
TNS   : -0.141

Type  : Fast 1200mV 0C Model Hold 'MOUSE:inst14|MOUSE_CLK_FILTER'
Slack : 0.013
TNS   : 0.000

Type  : Fast 1200mV 0C Model Recovery 'MOUSE:inst14|MOUSE_CLK_FILTER'
Slack : 0.276
TNS   : 0.000

Type  : Fast 1200mV 0C Model Removal 'MOUSE:inst14|MOUSE_CLK_FILTER'
Slack : 0.028
TNS   : 0.000

Type  : Fast 1200mV 0C Model Minimum Pulse Width 'VGA_SYNC:inst|vert_sync_out'
Slack : -1.000
TNS   : -132.000

Type  : Fast 1200mV 0C Model Minimum Pulse Width 'MOUSE:inst14|MOUSE_CLK_FILTER'
Slack : -1.000
TNS   : -37.000

Type  : Fast 1200mV 0C Model Minimum Pulse Width 'VGA_SYNC:inst|pixel_column[5]'
Slack : 0.405
TNS   : 0.000

Type  : Fast 1200mV 0C Model Minimum Pulse Width 'clk'
Slack : 9.585
TNS   : 0.000

Type  : Fast 1200mV 0C Model Minimum Pulse Width 'inst2|altpll_component|auto_generated|pll1|clk[0]'
Slack : 19.746
TNS   : 0.000

------------------------------------------------------------
